DECIMAL(0.)
DECIMAL(12.)
DECIMAL(.3)
DECIMAL(.456)
DECIMAL(7.8)
DECIMAL(9.01)
DECIMAL(234.567)
DECIMAL(0.e1)
DECIMAL(12.e12)
DECIMAL(.3e1)
DECIMAL(.456e498)
DECIMAL(7.8e35)
DECIMAL(9.01e7985)
DECIMAL(234.567e28)
DECIMAL(0.e+1)
DECIMAL(12.e+12)
DECIMAL(.3e+1)
DECIMAL(.456e+498)
DECIMAL(7.8e+35)
DECIMAL(9.01e+7985)
DECIMAL(234.567e+28)
DECIMAL(0.e-1)
DECIMAL(12.e-12)
DECIMAL(.3e-1)
DECIMAL(.456e-498)
DECIMAL(7.8e-35)
DECIMAL(9.01e-7985)
DECIMAL(234.567e-28)
DECIMAL(0.E1)
DECIMAL(12.E12)
DECIMAL(.3E1)
DECIMAL(.456E498)
DECIMAL(7.8E35)
DECIMAL(9.01E7985)
DECIMAL(234.567E28)
DECIMAL(0.E+1)
DECIMAL(12.E+12)
DECIMAL(.3E+1)
DECIMAL(.456E+498)
DECIMAL(7.8E+35)
DECIMAL(9.01E+7985)
DECIMAL(234.567E+28)
DECIMAL(0.E-1)
DECIMAL(12.E-12)
DECIMAL(.3E-1)
DECIMAL(.456E-498)
DECIMAL(7.8E-35)
DECIMAL(9.01E-7985)
DECIMAL(234.567E-28)
NATURAL(1)
IDENTIFIER(E)
NATURAL(9)
IDENTIFIER(e)
DECIMAL(2.)
IDENTIFIER(e)
DECIMAL(3.)
IDENTIFIER(E)
Line 1, column 399: illegal character (.)
IDENTIFIER(e)
Line 1, column 402: illegal character (.)
IDENTIFIER(E)
SEMICOLON
