Line 1, column 2: invalid escape sequence (\    )
Line 2, column 2: invalid escape sequence (\)
Line 2, column 1: unterminated string literal
Line 3, column 1: unterminated string literal
Line 4, column 2: invalid escape sequence (\)
Line 5, column 2: invalid escape sequence (\)
Line 6, column 2: invalid escape sequence (\)
