PRINT
IDENTIFIER(fmt1Println)
IDENTIFIER(fmtlPrintln)
IDENTIFIER(fmtOPrintln)
IDENTIFIER(fmt)
PLUS
IDENTIFIER(Println)
IDENTIFIER(fmt)
IDENTIFIER(Println)
SEMICOLON
PARSEINT
IDENTIFIER(strconv2Atoi)
IDENTIFIER(strconvgAtoi)
IDENTIFIER(strconvEAtoi)
IDENTIFIER(strconv)
MINUS
IDENTIFIER(Atoi)
IDENTIFIER(strconv)
IDENTIFIER(Atoi)
SEMICOLON
CMDARGS
IDENTIFIER(os3Args)
IDENTIFIER(osxArgs)
IDENTIFIER(osMArgs)
IDENTIFIER(os)
COMMA
IDENTIFIER(Args)
IDENTIFIER(os)
IDENTIFIER(Args)
SEMICOLON
